argon01:11548:11548 [0] NCCL INFO NCCL_SOCKET_IFNAME set by environment to enp4s0
argon01:11548:11548 [0] NCCL INFO NCCL_SOCKET_IFNAME set to enp4s0
argon01:11548:11548 [0] NCCL INFO Bootstrap : Using enp4s0:192.168.24.123<0>
argon01:11548:11548 [0] NCCL INFO NET/Plugin: No plugin found (libnccl-net.so)
argon01:11548:11548 [0] NCCL INFO NET/Plugin: Plugin load returned 2 : libnccl-net.so: cannot open shared object file: No such file or directory : when loading libnccl-net.so
argon01:11548:11548 [0] NCCL INFO NET/Plugin: Using internal network plugin.
argon01:11548:11548 [0] NCCL INFO cudaDriverVersion 13020
NCCL version 2.21.5+cuda12.4
[resnet50] Nodes/Workers: 2 | Epoch Time: 142.44s | Global Throughput: 140.4 smp/s
argon02:7859:7859 [0] NCCL INFO cudaDriverVersion 13020
argon02:7859:7859 [0] NCCL INFO NCCL_SOCKET_IFNAME set by environment to enp4s0
argon02:7859:7859 [0] NCCL INFO NCCL_SOCKET_IFNAME set to enp4s0
argon02:7859:7859 [0] NCCL INFO Bootstrap : Using enp4s0:192.168.24.124<0>
argon02:7859:7859 [0] NCCL INFO NET/Plugin: No plugin found (libnccl-net.so)
argon02:7859:7859 [0] NCCL INFO NET/Plugin: Plugin load returned 2 : libnccl-net.so: cannot open shared object file: No such file or directory : when loading libnccl-net.so
argon02:7859:7859 [0] NCCL INFO NET/Plugin: Using internal network plugin.
argon02:7859:7870 [0] NCCL INFO NCCL_IB_DISABLE set by environment to 1.
argon02:7859:7870 [0] NCCL INFO NCCL_SOCKET_IFNAME set by environment to enp4s0
argon02:7859:7870 [0] NCCL INFO NET/Socket : Using [0]enp4s0:192.168.24.124<0>
argon02:7859:7870 [0] NCCL INFO Using non-device net plugin version 0
argon02:7859:7870 [0] NCCL INFO Using network Socket
argon02:7859:7870 [0] NCCL INFO ncclCommInitRank comm 0x613dd8da9480 rank 1 nranks 2 cudaDev 0 nvmlDev 0 busId 1000 commId 0x6c106696be680afc - Init START
argon02:7859:7870 [0] NCCL INFO NET/Socket : GPU Direct RDMA Disabled for HCA 0 'enp4s0'
argon02:7859:7870 [0] NCCL INFO comm 0x613dd8da9480 rank 1 nRanks 2 nNodes 2 localRanks 1 localRank 0 MNNVL 0
argon02:7859:7870 [0] NCCL INFO Trees [0] -1/-1/-1->1->0 [1] 0/-1/-1->1->-1
argon02:7859:7870 [0] NCCL INFO P2P Chunksize set to 131072
argon02:7859:7871 [0] NCCL INFO New proxy recv connection 0 from local rank 0, transport 2
argon02:7859:7870 [0] NCCL INFO Connected to proxy localRank 0 -> connection 0x76c7e00065c0
argon02:7859:7870 [0] NCCL INFO Channel 00/0 : 0[0] -> 1[0] [receive] via NET/Socket/0
argon02:7859:7871 [0] NCCL INFO New proxy recv connection 1 from local rank 0, transport 2
argon02:7859:7870 [0] NCCL INFO Connected to proxy localRank 0 -> connection 0x76c7e0006638
argon02:7859:7870 [0] NCCL INFO Channel 01/0 : 0[0] -> 1[0] [receive] via NET/Socket/0
argon02:7859:7871 [0] NCCL INFO New proxy send connection 2 from local rank 0, transport 2
argon02:7859:7870 [0] NCCL INFO Connected to proxy localRank 0 -> connection 0x76c7e00066b0
argon02:7859:7870 [0] NCCL INFO Channel 00/0 : 1[0] -> 0[0] [send] via NET/Socket/0
argon02:7859:7871 [0] NCCL INFO New proxy send connection 3 from local rank 0, transport 2
argon02:7859:7870 [0] NCCL INFO Connected to proxy localRank 0 -> connection 0x76c7e0006728
argon02:7859:7870 [0] NCCL INFO Channel 01/0 : 1[0] -> 0[0] [send] via NET/Socket/0
argon02:7859:7870 [0] NCCL INFO Connected all rings
argon02:7859:7870 [0] NCCL INFO Connected all trees
argon02:7859:7870 [0] NCCL INFO threadThresholds 8/8/64 | 16/8/64 | 512 | 512
argon02:7859:7870 [0] NCCL INFO 2 coll channels, 2 collnet channels, 0 nvls channels, 2 p2p channels, 2 p2p channels per peer
argon02:7859:7871 [0] NCCL INFO New proxy send connection 4 from local rank 0, transport 2
argon02:7859:7870 [0] NCCL INFO Connected to proxy localRank 0 -> connection 0x76c7e00067a0
argon02:7859:7870 [0] NCCL INFO TUNER/Plugin: Plugin load returned 2 : libnccl-net.so: cannot open shared object file: No such file or directory : when loading libnccl-tuner.so
argon02:7859:7870 [0] NCCL INFO TUNER/Plugin: Using internal tuner plugin.
argon02:7859:7870 [0] NCCL INFO ncclCommInitRank comm 0x613dd8da9480 rank 1 nranks 2 cudaDev 0 nvmlDev 0 busId 1000 commId 0x6c106696be680afc - Init COMPLETE
argon02:7859:7871 [0] NCCL INFO [Service thread] Connection closed by localRank 0
argon02:7859:8068 [0] NCCL INFO comm 0x613dd8da9480 rank 1 nranks 2 cudaDev 0 busId 1000 - Abort COMPLETE
argon01:11548:11561 [0] NCCL INFO NCCL_IB_DISABLE set by environment to 1.
argon01:11548:11561 [0] NCCL INFO NCCL_SOCKET_IFNAME set by environment to enp4s0
argon01:11548:11561 [0] NCCL INFO NET/Socket : Using [0]enp4s0:192.168.24.123<0>
argon01:11548:11561 [0] NCCL INFO Using non-device net plugin version 0
argon01:11548:11561 [0] NCCL INFO Using network Socket
argon01:11548:11561 [0] NCCL INFO ncclCommInitRank comm 0x628a6c5db580 rank 0 nranks 2 cudaDev 0 nvmlDev 0 busId 1000 commId 0x6c106696be680afc - Init START
argon01:11548:11561 [0] NCCL INFO NET/Socket : GPU Direct RDMA Disabled for HCA 0 'enp4s0'
argon01:11548:11561 [0] NCCL INFO comm 0x628a6c5db580 rank 0 nRanks 2 nNodes 2 localRanks 1 localRank 0 MNNVL 0
argon01:11548:11561 [0] NCCL INFO Channel 00/02 :    0   1
argon01:11548:11561 [0] NCCL INFO Channel 01/02 :    0   1
argon01:11548:11561 [0] NCCL INFO Trees [0] 1/-1/-1->0->-1 [1] -1/-1/-1->0->1
argon01:11548:11561 [0] NCCL INFO P2P Chunksize set to 131072
argon01:11548:11562 [0] NCCL INFO New proxy recv connection 0 from local rank 0, transport 2
argon01:11548:11561 [0] NCCL INFO Connected to proxy localRank 0 -> connection 0x7b24480065d0
argon01:11548:11561 [0] NCCL INFO Channel 00/0 : 1[0] -> 0[0] [receive] via NET/Socket/0
argon01:11548:11562 [0] NCCL INFO New proxy recv connection 1 from local rank 0, transport 2
argon01:11548:11561 [0] NCCL INFO Connected to proxy localRank 0 -> connection 0x7b2448006648
argon01:11548:11561 [0] NCCL INFO Channel 01/0 : 1[0] -> 0[0] [receive] via NET/Socket/0
argon01:11548:11562 [0] NCCL INFO New proxy send connection 2 from local rank 0, transport 2
argon01:11548:11561 [0] NCCL INFO Connected to proxy localRank 0 -> connection 0x7b24480066c0
argon01:11548:11561 [0] NCCL INFO Channel 00/0 : 0[0] -> 1[0] [send] via NET/Socket/0
argon01:11548:11562 [0] NCCL INFO New proxy send connection 3 from local rank 0, transport 2
argon01:11548:11561 [0] NCCL INFO Connected to proxy localRank 0 -> connection 0x7b2448006738
argon01:11548:11561 [0] NCCL INFO Channel 01/0 : 0[0] -> 1[0] [send] via NET/Socket/0
argon01:11548:11561 [0] NCCL INFO Connected all rings
argon01:11548:11561 [0] NCCL INFO Connected all trees
argon01:11548:11561 [0] NCCL INFO threadThresholds 8/8/64 | 16/8/64 | 512 | 512
argon01:11548:11561 [0] NCCL INFO 2 coll channels, 2 collnet channels, 0 nvls channels, 2 p2p channels, 2 p2p channels per peer
argon01:11548:11562 [0] NCCL INFO New proxy send connection 4 from local rank 0, transport 2
argon01:11548:11561 [0] NCCL INFO Connected to proxy localRank 0 -> connection 0x7b24480067b0
argon01:11548:11561 [0] NCCL INFO TUNER/Plugin: Plugin load returned 2 : libnccl-net.so: cannot open shared object file: No such file or directory : when loading libnccl-tuner.so
argon01:11548:11561 [0] NCCL INFO TUNER/Plugin: Using internal tuner plugin.
argon01:11548:11561 [0] NCCL INFO ncclCommInitRank comm 0x628a6c5db580 rank 0 nranks 2 cudaDev 0 nvmlDev 0 busId 1000 commId 0x6c106696be680afc - Init COMPLETE
argon01:11548:11562 [0] NCCL INFO [Service thread] Connection closed by localRank 0
argon01:11548:11763 [0] NCCL INFO comm 0x628a6c5db580 rank 0 nranks 2 cudaDev 0 busId 1000 - Abort COMPLETE
argon01:11784:11784 [0] NCCL INFO NCCL_SOCKET_IFNAME set by environment to enp4s0
argon01:11784:11784 [0] NCCL INFO NCCL_SOCKET_IFNAME set to enp4s0
argon01:11784:11784 [0] NCCL INFO Bootstrap : Using enp4s0:192.168.24.123<0>
argon01:11784:11784 [0] NCCL INFO NET/Plugin: No plugin found (libnccl-net.so)
argon01:11784:11784 [0] NCCL INFO NET/Plugin: Plugin load returned 2 : libnccl-net.so: cannot open shared object file: No such file or directory : when loading libnccl-net.so
argon01:11784:11784 [0] NCCL INFO NET/Plugin: Using internal network plugin.
argon01:11784:11784 [0] NCCL INFO cudaDriverVersion 13020
NCCL version 2.21.5+cuda12.4
[vit_b_16] Nodes/Workers: 2 | Epoch Time: 938.05s | Global Throughput: 21.3 smp/s
argon02:8082:8082 [0] NCCL INFO cudaDriverVersion 13020
argon02:8082:8082 [0] NCCL INFO NCCL_SOCKET_IFNAME set by environment to enp4s0
argon02:8082:8082 [0] NCCL INFO NCCL_SOCKET_IFNAME set to enp4s0
argon02:8082:8082 [0] NCCL INFO Bootstrap : Using enp4s0:192.168.24.124<0>
argon02:8082:8082 [0] NCCL INFO NET/Plugin: No plugin found (libnccl-net.so)
argon02:8082:8082 [0] NCCL INFO NET/Plugin: Plugin load returned 2 : libnccl-net.so: cannot open shared object file: No such file or directory : when loading libnccl-net.so
argon02:8082:8082 [0] NCCL INFO NET/Plugin: Using internal network plugin.
argon02:8082:8108 [0] NCCL INFO NCCL_IB_DISABLE set by environment to 1.
argon02:8082:8108 [0] NCCL INFO NCCL_SOCKET_IFNAME set by environment to enp4s0
argon02:8082:8108 [0] NCCL INFO NET/Socket : Using [0]enp4s0:192.168.24.124<0>
argon02:8082:8108 [0] NCCL INFO Using non-device net plugin version 0
argon02:8082:8108 [0] NCCL INFO Using network Socket
argon02:8082:8108 [0] NCCL INFO ncclCommInitRank comm 0x5a5b451dad80 rank 1 nranks 2 cudaDev 0 nvmlDev 0 busId 1000 commId 0xf728a898531619f3 - Init START
argon02:8082:8108 [0] NCCL INFO NET/Socket : GPU Direct RDMA Disabled for HCA 0 'enp4s0'
argon02:8082:8108 [0] NCCL INFO comm 0x5a5b451dad80 rank 1 nRanks 2 nNodes 2 localRanks 1 localRank 0 MNNVL 0
argon02:8082:8108 [0] NCCL INFO Trees [0] -1/-1/-1->1->0 [1] 0/-1/-1->1->-1
argon02:8082:8108 [0] NCCL INFO P2P Chunksize set to 131072
argon02:8082:8109 [0] NCCL INFO New proxy recv connection 0 from local rank 0, transport 2
argon02:8082:8108 [0] NCCL INFO Connected to proxy localRank 0 -> connection 0x76d8c40065c0
argon02:8082:8108 [0] NCCL INFO Channel 00/0 : 0[0] -> 1[0] [receive] via NET/Socket/0
argon02:8082:8109 [0] NCCL INFO New proxy recv connection 1 from local rank 0, transport 2
argon02:8082:8108 [0] NCCL INFO Connected to proxy localRank 0 -> connection 0x76d8c4006638
argon02:8082:8108 [0] NCCL INFO Channel 01/0 : 0[0] -> 1[0] [receive] via NET/Socket/0
argon02:8082:8109 [0] NCCL INFO New proxy send connection 2 from local rank 0, transport 2
argon02:8082:8108 [0] NCCL INFO Connected to proxy localRank 0 -> connection 0x76d8c40066b0
argon02:8082:8108 [0] NCCL INFO Channel 00/0 : 1[0] -> 0[0] [send] via NET/Socket/0
argon02:8082:8109 [0] NCCL INFO New proxy send connection 3 from local rank 0, transport 2
argon02:8082:8108 [0] NCCL INFO Connected to proxy localRank 0 -> connection 0x76d8c4006728
argon02:8082:8108 [0] NCCL INFO Channel 01/0 : 1[0] -> 0[0] [send] via NET/Socket/0
argon02:8082:8108 [0] NCCL INFO Connected all rings
argon02:8082:8108 [0] NCCL INFO Connected all trees
argon02:8082:8108 [0] NCCL INFO threadThresholds 8/8/64 | 16/8/64 | 512 | 512
argon02:8082:8108 [0] NCCL INFO 2 coll channels, 2 collnet channels, 0 nvls channels, 2 p2p channels, 2 p2p channels per peer
argon02:8082:8109 [0] NCCL INFO New proxy send connection 4 from local rank 0, transport 2
argon02:8082:8108 [0] NCCL INFO Connected to proxy localRank 0 -> connection 0x76d8c40067a0
argon02:8082:8108 [0] NCCL INFO TUNER/Plugin: Plugin load returned 2 : libnccl-net.so: cannot open shared object file: No such file or directory : when loading libnccl-tuner.so
argon02:8082:8108 [0] NCCL INFO TUNER/Plugin: Using internal tuner plugin.
argon02:8082:8108 [0] NCCL INFO ncclCommInitRank comm 0x5a5b451dad80 rank 1 nranks 2 cudaDev 0 nvmlDev 0 busId 1000 commId 0xf728a898531619f3 - Init COMPLETE
argon02:8082:8109 [0] NCCL INFO [Service thread] Connection closed by localRank 0
argon02:8082:8328 [0] NCCL INFO comm 0x5a5b451dad80 rank 1 nranks 2 cudaDev 0 busId 1000 - Abort COMPLETE
argon01:11784:11812 [0] NCCL INFO NCCL_IB_DISABLE set by environment to 1.
argon01:11784:11812 [0] NCCL INFO NCCL_SOCKET_IFNAME set by environment to enp4s0
argon01:11784:11812 [0] NCCL INFO NET/Socket : Using [0]enp4s0:192.168.24.123<0>
argon01:11784:11812 [0] NCCL INFO Using non-device net plugin version 0
argon01:11784:11812 [0] NCCL INFO Using network Socket
argon01:11784:11812 [0] NCCL INFO ncclCommInitRank comm 0x616a8ecbd340 rank 0 nranks 2 cudaDev 0 nvmlDev 0 busId 1000 commId 0xf728a898531619f3 - Init START
argon01:11784:11812 [0] NCCL INFO NET/Socket : GPU Direct RDMA Disabled for HCA 0 'enp4s0'
argon01:11784:11812 [0] NCCL INFO comm 0x616a8ecbd340 rank 0 nRanks 2 nNodes 2 localRanks 1 localRank 0 MNNVL 0
argon01:11784:11812 [0] NCCL INFO Channel 00/02 :    0   1
argon01:11784:11812 [0] NCCL INFO Channel 01/02 :    0   1
argon01:11784:11812 [0] NCCL INFO Trees [0] 1/-1/-1->0->-1 [1] -1/-1/-1->0->1
argon01:11784:11812 [0] NCCL INFO P2P Chunksize set to 131072
argon01:11784:11813 [0] NCCL INFO New proxy recv connection 0 from local rank 0, transport 2
argon01:11784:11812 [0] NCCL INFO Connected to proxy localRank 0 -> connection 0x7227880065d0
argon01:11784:11812 [0] NCCL INFO Channel 00/0 : 1[0] -> 0[0] [receive] via NET/Socket/0
argon01:11784:11813 [0] NCCL INFO New proxy recv connection 1 from local rank 0, transport 2
argon01:11784:11812 [0] NCCL INFO Connected to proxy localRank 0 -> connection 0x722788006648
argon01:11784:11812 [0] NCCL INFO Channel 01/0 : 1[0] -> 0[0] [receive] via NET/Socket/0
argon01:11784:11813 [0] NCCL INFO New proxy send connection 2 from local rank 0, transport 2
argon01:11784:11812 [0] NCCL INFO Connected to proxy localRank 0 -> connection 0x7227880066c0
argon01:11784:11812 [0] NCCL INFO Channel 00/0 : 0[0] -> 1[0] [send] via NET/Socket/0
argon01:11784:11813 [0] NCCL INFO New proxy send connection 3 from local rank 0, transport 2
argon01:11784:11812 [0] NCCL INFO Connected to proxy localRank 0 -> connection 0x722788006738
argon01:11784:11812 [0] NCCL INFO Channel 01/0 : 0[0] -> 1[0] [send] via NET/Socket/0
argon01:11784:11812 [0] NCCL INFO Connected all rings
argon01:11784:11812 [0] NCCL INFO Connected all trees
argon01:11784:11812 [0] NCCL INFO threadThresholds 8/8/64 | 16/8/64 | 512 | 512
argon01:11784:11812 [0] NCCL INFO 2 coll channels, 2 collnet channels, 0 nvls channels, 2 p2p channels, 2 p2p channels per peer
argon01:11784:11813 [0] NCCL INFO New proxy send connection 4 from local rank 0, transport 2
argon01:11784:11812 [0] NCCL INFO Connected to proxy localRank 0 -> connection 0x7227880067b0
argon01:11784:11812 [0] NCCL INFO TUNER/Plugin: Plugin load returned 2 : libnccl-net.so: cannot open shared object file: No such file or directory : when loading libnccl-tuner.so
argon01:11784:11812 [0] NCCL INFO TUNER/Plugin: Using internal tuner plugin.
argon01:11784:11812 [0] NCCL INFO ncclCommInitRank comm 0x616a8ecbd340 rank 0 nranks 2 cudaDev 0 nvmlDev 0 busId 1000 commId 0xf728a898531619f3 - Init COMPLETE
argon01:11784:11813 [0] NCCL INFO [Service thread] Connection closed by localRank 0
argon01:11784:12041 [0] NCCL INFO comm 0x616a8ecbd340 rank 0 nranks 2 cudaDev 0 busId 1000 - Abort COMPLETE
Warning: You are sending unauthenticated requests to the HF Hub. Please set a HF_TOKEN to enable higher rate limits and faster downloads.
Warning: You are sending unauthenticated requests to the HF Hub. Please set a HF_TOKEN to enable higher rate limits and faster downloads.
Loading weights:   0%|          | 0/199 [00:00<?, ?it/s]Loading weights: 100%|██████████| 199/199 [00:00<00:00, 26719.59it/s]
[transformers] [1mBertForSequenceClassification LOAD REPORT[0m from: bert-base-uncased
Key                                        | Status     | 
-------------------------------------------+------------+-
cls.predictions.transform.LayerNorm.bias   | UNEXPECTED | 
cls.predictions.transform.dense.weight     | UNEXPECTED | 
cls.seq_relationship.weight                | UNEXPECTED | 
cls.predictions.bias                       | UNEXPECTED | 
cls.predictions.transform.dense.bias       | UNEXPECTED | 
cls.seq_relationship.bias                  | UNEXPECTED | 
cls.predictions.transform.LayerNorm.weight | UNEXPECTED | 
classifier.bias                            | MISSING    | 
classifier.weight                          | MISSING    | 

Notes:
- UNEXPECTED:	can be ignored when loading from different task/architecture; not ok if you expect identical arch.
- MISSING:	those params were newly initialized because missing from the checkpoint. Consider training on your downstream task.
Loading weights:   0%|          | 0/199 [00:00<?, ?it/s]Loading weights: 100%|██████████| 199/199 [00:00<00:00, 23304.94it/s]
[transformers] [1mBertForSequenceClassification LOAD REPORT[0m from: bert-base-uncased
Key                                        | Status     | 
-------------------------------------------+------------+-
cls.predictions.bias                       | UNEXPECTED | 
cls.predictions.transform.dense.weight     | UNEXPECTED | 
cls.seq_relationship.weight                | UNEXPECTED | 
cls.seq_relationship.bias                  | UNEXPECTED | 
cls.predictions.transform.LayerNorm.weight | UNEXPECTED | 
cls.predictions.transform.dense.bias       | UNEXPECTED | 
cls.predictions.transform.LayerNorm.bias   | UNEXPECTED | 
classifier.weight                          | MISSING    | 
classifier.bias                            | MISSING    | 

Notes:
- UNEXPECTED:	can be ignored when loading from different task/architecture; not ok if you expect identical arch.
- MISSING:	those params were newly initialized because missing from the checkpoint. Consider training on your downstream task.
argon01:12063:12063 [0] NCCL INFO NCCL_SOCKET_IFNAME set by environment to enp4s0
argon01:12063:12063 [0] NCCL INFO NCCL_SOCKET_IFNAME set to enp4s0
argon01:12063:12063 [0] NCCL INFO Bootstrap : Using enp4s0:192.168.24.123<0>
argon01:12063:12063 [0] NCCL INFO NET/Plugin: No plugin found (libnccl-net.so)
argon01:12063:12063 [0] NCCL INFO NET/Plugin: Plugin load returned 2 : libnccl-net.so: cannot open shared object file: No such file or directory : when loading libnccl-net.so
argon01:12063:12063 [0] NCCL INFO NET/Plugin: Using internal network plugin.
argon01:12063:12063 [0] NCCL INFO cudaDriverVersion 13020
NCCL version 2.21.5+cuda12.4
srun: Job step aborted: Waiting up to 32 seconds for job step to finish.
[2026-08-17T13:25:40.007] error: *** STEP 771.2 ON argon01 CANCELLED AT 2026-08-17T13:25:40 DUE TO TIME LIMIT ***
[2026-08-17T13:25:40.007] error: *** JOB 771 ON argon01 CANCELLED AT 2026-08-17T13:25:40 DUE TO TIME LIMIT ***
