==================================================
PHASE 1: Benchmarking on DRBD-backed /data
==================================================

[DRBD-backed /data] resnet50 Results:
  T_epoch: 49.71 s | delta_I/O: 45.81 % | Throughput: 100.4 smp/s
SUMMARY_ROW: DRBD-backed /data | resnet50 | 49.71 | 45.81 | 100.4


[DRBD-backed /data] vit_b_16 Results:
  T_epoch: 132.15 s | delta_I/O: 0.09 % | Throughput: 37.8 smp/s
SUMMARY_ROW: DRBD-backed /data | vit_b_16 | 132.15 | 0.09 | 37.8

Loading weights:   0%|          | 0/199 [00:00<?, ?it/s]Loading weights:  41%|████      | 81/199 [00:00<00:00, 809.68it/s]Loading weights:  81%|████████▏ | 162/199 [00:00<00:00, 748.09it/s]Loading weights: 100%|██████████| 199/199 [00:00<00:00, 765.28it/s]
[transformers] [1mBertForSequenceClassification LOAD REPORT[0m from: bert-base-uncased
Key                                        | Status     | 
-------------------------------------------+------------+-
cls.predictions.transform.LayerNorm.bias   | UNEXPECTED | 
cls.predictions.transform.LayerNorm.weight | UNEXPECTED | 
cls.predictions.transform.dense.weight     | UNEXPECTED | 
cls.predictions.transform.dense.bias       | UNEXPECTED | 
cls.predictions.bias                       | UNEXPECTED | 
cls.seq_relationship.weight                | UNEXPECTED | 
cls.seq_relationship.bias                  | UNEXPECTED | 
classifier.bias                            | MISSING    | 
classifier.weight                          | MISSING    | 

Notes:
- UNEXPECTED:	can be ignored when loading from different task/architecture; not ok if you expect identical arch.
- MISSING:	those params were newly initialized because missing from the checkpoint. Consider training on your downstream task.

[DRBD-backed /data] bert_base Results:
  T_epoch: 107.13 s | delta_I/O: 0.09 % | Throughput: 46.6 smp/s
SUMMARY_ROW: DRBD-backed /data | bert_base | 107.13 | 0.09 | 46.6

==================================================
Staging Data from /data to Local NVMe Scratch...
==================================================
==================================================
PHASE 2: Benchmarking on Atlas Local Scratch
==================================================

[Atlas Local Scratch] resnet50 Results:
  T_epoch: 18.99 s | delta_I/O: 0.80 % | Throughput: 262.9 smp/s
SUMMARY_ROW: Atlas Local Scratch | resnet50 | 18.99 | 0.80 | 262.9


[Atlas Local Scratch] vit_b_16 Results:
  T_epoch: 100.78 s | delta_I/O: 0.11 % | Throughput: 49.5 smp/s
SUMMARY_ROW: Atlas Local Scratch | vit_b_16 | 100.78 | 0.11 | 49.5

Loading weights:   0%|          | 0/199 [00:00<?, ?it/s]Loading weights: 100%|██████████| 199/199 [00:00<00:00, 19834.29it/s]
[transformers] [1mBertForSequenceClassification LOAD REPORT[0m from: bert-base-uncased
Key                                        | Status     | 
-------------------------------------------+------------+-
cls.predictions.transform.dense.bias       | UNEXPECTED | 
cls.seq_relationship.weight                | UNEXPECTED | 
cls.predictions.transform.LayerNorm.bias   | UNEXPECTED | 
cls.predictions.transform.LayerNorm.weight | UNEXPECTED | 
cls.predictions.bias                       | UNEXPECTED | 
cls.seq_relationship.bias                  | UNEXPECTED | 
cls.predictions.transform.dense.weight     | UNEXPECTED | 
classifier.bias                            | MISSING    | 
classifier.weight                          | MISSING    | 

Notes:
- UNEXPECTED:	can be ignored when loading from different task/architecture; not ok if you expect identical arch.
- MISSING:	those params were newly initialized because missing from the checkpoint. Consider training on your downstream task.

[Atlas Local Scratch] bert_base Results:
  T_epoch: 56.43 s | delta_I/O: 0.11 % | Throughput: 88.5 smp/s
SUMMARY_ROW: Atlas Local Scratch | bert_base | 56.43 | 0.11 | 88.5

