==================================================
PHASE 1: Benchmarking on DRBD-backed /data
==================================================
[*] Generating 10000 sample images in /data/testuser/dl_bench_data...

[DRBD-backed /data] resnet50 Results:
  T_epoch: 13.54 s | delta_I/O: 1.55 % | Throughput: 737.3 smp/s
SUMMARY_ROW: DRBD-backed /data | resnet50 | 13.54 | 1.55 | 737.3


[DRBD-backed /data] vit_b_16 Results:
  T_epoch: 36.86 s | delta_I/O: 0.37 % | Throughput: 270.9 smp/s
SUMMARY_ROW: DRBD-backed /data | vit_b_16 | 36.86 | 0.37 | 270.9

Warning: You are sending unauthenticated requests to the HF Hub. Please set a HF_TOKEN to enable higher rate limits and faster downloads.
Loading weights:   0%|          | 0/199 [00:00<?, ?it/s]Loading weights:  45%|████▍     | 89/199 [00:00<00:00, 881.57it/s]Loading weights:  89%|████████▉ | 178/199 [00:00<00:00, 886.01it/s]Loading weights: 100%|██████████| 199/199 [00:00<00:00, 896.82it/s]
[transformers] [1mBertForSequenceClassification LOAD REPORT[0m from: bert-base-uncased
Key                                        | Status     | 
-------------------------------------------+------------+-
cls.seq_relationship.weight                | UNEXPECTED | 
cls.predictions.transform.dense.weight     | UNEXPECTED | 
cls.seq_relationship.bias                  | UNEXPECTED | 
cls.predictions.bias                       | UNEXPECTED | 
cls.predictions.transform.dense.bias       | UNEXPECTED | 
cls.predictions.transform.LayerNorm.weight | UNEXPECTED | 
cls.predictions.transform.LayerNorm.bias   | UNEXPECTED | 
classifier.bias                            | MISSING    | 
classifier.weight                          | MISSING    | 

Notes:
- UNEXPECTED:	can be ignored when loading from different task/architecture; not ok if you expect identical arch.
- MISSING:	those params were newly initialized because missing from the checkpoint. Consider training on your downstream task.
[*] Generating sample text corpus at /data/testuser/dl_bench_data/corpus.txt...

[DRBD-backed /data] bert_base Results:
  T_epoch: 21.09 s | delta_I/O: 0.33 % | Throughput: 473.4 smp/s
SUMMARY_ROW: DRBD-backed /data | bert_base | 21.09 | 0.33 | 473.4

==================================================
Staging Data from /data to Local NVMe Scratch...
==================================================
==================================================
PHASE 2: Benchmarking on Atlas Local Scratch
==================================================

[Atlas Local Scratch] resnet50 Results:
  T_epoch: 13.56 s | delta_I/O: 1.62 % | Throughput: 736.3 smp/s
SUMMARY_ROW: Atlas Local Scratch | resnet50 | 13.56 | 1.62 | 736.3


[Atlas Local Scratch] vit_b_16 Results:
  T_epoch: 36.96 s | delta_I/O: 0.38 % | Throughput: 270.1 smp/s
SUMMARY_ROW: Atlas Local Scratch | vit_b_16 | 36.96 | 0.38 | 270.1

Warning: You are sending unauthenticated requests to the HF Hub. Please set a HF_TOKEN to enable higher rate limits and faster downloads.
Loading weights:   0%|          | 0/199 [00:00<?, ?it/s]Loading weights: 100%|██████████| 199/199 [00:00<00:00, 26281.26it/s]
[transformers] [1mBertForSequenceClassification LOAD REPORT[0m from: bert-base-uncased
Key                                        | Status     | 
-------------------------------------------+------------+-
cls.predictions.transform.dense.weight     | UNEXPECTED | 
cls.predictions.transform.LayerNorm.bias   | UNEXPECTED | 
cls.predictions.transform.LayerNorm.weight | UNEXPECTED | 
cls.predictions.bias                       | UNEXPECTED | 
cls.seq_relationship.weight                | UNEXPECTED | 
cls.seq_relationship.bias                  | UNEXPECTED | 
cls.predictions.transform.dense.bias       | UNEXPECTED | 
classifier.weight                          | MISSING    | 
classifier.bias                            | MISSING    | 

Notes:
- UNEXPECTED:	can be ignored when loading from different task/architecture; not ok if you expect identical arch.
- MISSING:	those params were newly initialized because missing from the checkpoint. Consider training on your downstream task.

[Atlas Local Scratch] bert_base Results:
  T_epoch: 21.26 s | delta_I/O: 0.31 % | Throughput: 469.7 smp/s
SUMMARY_ROW: Atlas Local Scratch | bert_base | 21.26 | 0.31 | 469.7

