==================================================
PHASE 1: Benchmarking on DRBD-backed /data
==================================================
Traceback (most recent call last):
  File "/home/testuser/bench/model/test.py", line 5, in <module>
    from PIL import Image
ModuleNotFoundError: No module named 'PIL'
Traceback (most recent call last):
  File "/home/testuser/bench/model/test.py", line 5, in <module>
    from PIL import Image
ModuleNotFoundError: No module named 'PIL'
Traceback (most recent call last):
  File "/home/testuser/bench/model/test.py", line 5, in <module>
    from PIL import Image
ModuleNotFoundError: No module named 'PIL'
==================================================
Staging Data from /data to Local NVMe Scratch...
==================================================
==================================================
PHASE 2: Benchmarking on Atlas Local Scratch
==================================================
Traceback (most recent call last):
  File "/home/testuser/bench/model/test.py", line 5, in <module>
    from PIL import Image
ModuleNotFoundError: No module named 'PIL'
Traceback (most recent call last):
  File "/home/testuser/bench/model/test.py", line 5, in <module>
    from PIL import Image
ModuleNotFoundError: No module named 'PIL'
Traceback (most recent call last):
  File "/home/testuser/bench/model/test.py", line 5, in <module>
    from PIL import Image
ModuleNotFoundError: No module named 'PIL'
